// Jest Snapshot v1, https://goo.gl/fbAQLP

exports[`Footer renders as expected 1`] = `
<footer
  className="footer"
>
  <div
    className="container"
  >
    <span>
      Built with React and Redux
    </span>
  </div>
</footer>
`;
