// Jest Snapshot v1, https://goo.gl/fbAQLP

exports[`Counter renders as expected 1`] = `
<div
  className="counter"
>
  <button
    aria-label="Close"
    className="close"
    onClick={[Function]}
    type="button"
  >
    <span
      aria-hidden="true"
    >
      Ã—
    </span>
  </button>
  <div>
    <h1>
      123
    </h1>
  </div>
  <div>
    <button
      onClick={[Function]}
    >
      <span
        className="fa fa-plus"
      />
    </button>
    <button
      onClick={[Function]}
    >
      <span
        className="fa fa-minus"
      />
    </button>
    <button
      onClick={[Function]}
    >
      <span
        className="fa fa-refresh"
      />
    </button>
  </div>
</div>
`;
